starts: 1

== herdr argv (last start) ==
"agent"
"start"
"mate-shop"
"--kind"
"codex"
"--pane"
"w1:p1"
"--session"
"{{HERDR_SESSION}}"
"--timeout"
"10000"
"--"
"--dangerously-bypass-approvals-and-sandbox"
"-c"
"check_for_update_on_startup=false"
"-c"
"project_doc_max_bytes=131072"

== launch spec ==
kind: codex
cwd: {{WORKSPACE}}/.mate/projects/shop/mate
delivery: instruction_file
context_path: {{WORKSPACE}}/.mate/projects/shop/mate/AGENTS.override.md
context_required: true
context_file: {{WORKSPACE}}/.mate/projects/shop/mate/AGENTS.override.md role=codex_override
max_inline_bytes: 0
max_file_bytes: 131072
model: 
effort: max
effort_omitted: true
codex_home: {{CODEX_HOME}}
claude_config_dir: 
task_prompt: ""

== launch args ==
"--dangerously-bypass-approvals-and-sandbox"
"-c"
"check_for_update_on_startup=false"
"-c"
"project_doc_max_bytes=131072"

== launch env (set) ==
MATE_PROJECT_ID=shop
MATE_AGENT_ID=mate-shop
MATE_AGENT_ROLE=mate
MATE_RUNTIME_SESSION_ID={{HERDR_SESSION}}
MATE_CALLER=mate
CODEX_HOME={{CODEX_HOME}}

== launch env (exported into the pane before start) ==
MATE_PROJECT_ID=shop
MATE_AGENT_ID=mate-shop
MATE_AGENT_ROLE=mate
MATE_RUNTIME_SESSION_ID={{HERDR_SESSION}}
MATE_CALLER=mate
CODEX_HOME={{CODEX_HOME}}

== launch env (unset) ==
CLAUDECODE
CLAUDE_CODE_SESSION_ID
CLAUDE_CODE_CHILD_SESSION
CLAUDE_CODE_SESSION_ATTENDED
CLAUDE_CODE_ENTRYPOINT
CLAUDE_CODE_EXECPATH
CLAUDE_CODE_MESSAGING_SOCKET
CLAUDE_CODE_MESSAGING_TOKEN
CLAUDE_PID
CLAUDE_EFFORT

== pane env (tab create) ==
label: mate
cwd: {{WORKSPACE}}/.mate/projects/shop/mate
MATE_PROJECT_ID=shop
MATE_AGENT_ID=mate-shop
MATE_AGENT_ROLE=mate
MATE_RUNTIME_SESSION_ID={{HERDR_SESSION}}
MATE_CALLER=mate
CODEX_HOME={{CODEX_HOME}}

== prompts ==

== notes ==
- the captain ruled on 2026-09-14 that Mate and Crew launches carry the harness permission bypass; there is no external sandbox of any kind, because a Crew runs on the operator's own machine on real project code
- the captain first chose the narrower --ask-for-approval never --sandbox workspace-write pair, then reversed that ruling the same day: a linked Crew worktree's .git is a pointer file into the primary repo's git dir, outside workspace-write's writable root, so a Codex Crew under the narrow pair could do work but could never git commit it (measured both directions) - and mate never commits on a Crew's behalf, it only fast-forwards the Crew branch, so uncommitted work can never be delivered
- this is not merely a prompt bypass: under the combined flag a Codex Crew can write outside its own worktree - the workspace database (.mate/mate.db), other Crews' worktrees, and the operator's home directory are all reachable; the captain accepted that cost knowingly to keep Crews able to commit
- this puts gomate in the same posture firstmate's own tooling already runs Codex in
- this does not clear Codex's per-absolute-path directory-trust confirmation; that dialog is a separate wall no flag removes, measured 2026-09-14
- the launch also carries -c check_for_update_on_startup=false: codex-cli draws a three-option release-update prompt ahead of everything else while a newer version is published, which blocks the composer (measured 2026-09-18 with 0.154.0 installed and 0.155.0 out); the key is documented and the override is per-launch, so the operator's own config.toml is never written
- the bypass is unconditional: there is no config key or CLI flag to opt out, a deliberate choice consistent with unattended Crew/Mate operation
- Codex 0.151.0 loads AGENTS.override.md in preference to AGENTS.md and silently truncates the project chain's content bytes at project_doc_max_bytes (global doc, marker and joiners are rendered unmetered); the launch raises that cap to CodexDefaultMaxBytes with -c project_doc_max_bytes= and mate meters against the same number
- missing or empty project files do not fail Codex; mate refuses to start instead

== files the launch created or changed ==

--- created {{WORKSPACE}}/.mate/projects/shop/mate/.claude/settings.json mode=-rw-r--r-- bytes=615 ---
{
  "autoMemoryEnabled": false,
  "hooks": {
    "SessionStart": [
      {
        "hooks": [
          {
            "command": "'{{BIN_DIR}}/mate' hook mate-session",
            "type": "command"
          }
        ]
      }
    ],
    "Stop": [
      {
        "hooks": [
          {
            "command": "'{{BIN_DIR}}/mate' hook mate-stop",
            "type": "command"
          }
        ]
      }
    ],
    "UserPromptSubmit": [
      {
        "hooks": [
          {
            "command": "'{{BIN_DIR}}/mate' hook mate-prompt",
            "type": "command"
          }
        ]
      }
    ]
  }
}
--- end {{WORKSPACE}}/.mate/projects/shop/mate/.claude/settings.json ---

--- created {{WORKSPACE}}/.mate/projects/shop/mate/.claude/skills/brief-writing/SKILL.md mode=-rw-r--r-- bytes=5854 ---
(rendered asset) sha256=200ec4fc8ccd83817602a913d28665524b12aa77cdd5ea51367218e3591d8d3e
--- end {{WORKSPACE}}/.mate/projects/shop/mate/.claude/skills/brief-writing/SKILL.md ---

--- created {{WORKSPACE}}/.mate/projects/shop/mate/.claude/skills/crew-dispatch/SKILL.md mode=-rw-r--r-- bytes=11351 ---
(rendered asset) sha256=b0a4936e0fb35bfdcbe929f06a06242aed4f9c444cff3763e9b1d59c74886abf
--- end {{WORKSPACE}}/.mate/projects/shop/mate/.claude/skills/crew-dispatch/SKILL.md ---

--- created {{WORKSPACE}}/.mate/projects/shop/mate/.claude/skills/crew-spawn/SKILL.md mode=-rw-r--r-- bytes=3339 ---
(rendered asset) sha256=32f5b8c83f18b99d5dda5fa54db6ada14fe75e0a10f1ee927565ea1c18e8703a
--- end {{WORKSPACE}}/.mate/projects/shop/mate/.claude/skills/crew-spawn/SKILL.md ---

--- created {{WORKSPACE}}/.mate/projects/shop/mate/.claude/skills/decision-authority/SKILL.md mode=-rw-r--r-- bytes=4510 ---
(rendered asset) sha256=ef9dcc0850c14acba55bd4f2702752d09fd8af0011aa1597e44c469aed824045
--- end {{WORKSPACE}}/.mate/projects/shop/mate/.claude/skills/decision-authority/SKILL.md ---

--- created {{WORKSPACE}}/.mate/projects/shop/mate/.claude/skills/diagnostic-reasoning/SKILL.md mode=-rw-r--r-- bytes=4345 ---
(rendered asset) sha256=165318fcd133ec6d2d6b84177aadf33b9a354ac7b0eba57f546d88b8b8d0a6b3
--- end {{WORKSPACE}}/.mate/projects/shop/mate/.claude/skills/diagnostic-reasoning/SKILL.md ---

--- created {{WORKSPACE}}/.mate/projects/shop/mate/.claude/skills/event-handling/SKILL.md mode=-rw-r--r-- bytes=11555 ---
(rendered asset) sha256=4de7d5d8d8c32d7359f2c2353374e802a7ae028b4e72de0202932039db8f36f6
--- end {{WORKSPACE}}/.mate/projects/shop/mate/.claude/skills/event-handling/SKILL.md ---

--- created {{WORKSPACE}}/.mate/projects/shop/mate/.claude/skills/harness-adapters/SKILL.md mode=-rw-r--r-- bytes=9546 ---
(rendered asset) sha256=79c841305b6719539a799cd62cf4d7e848e4fbfa99e0e1167418c265fef89e7a
--- end {{WORKSPACE}}/.mate/projects/shop/mate/.claude/skills/harness-adapters/SKILL.md ---

--- created {{WORKSPACE}}/.mate/projects/shop/mate/.claude/skills/mate-commands/SKILL.md mode=-rw-r--r-- bytes=29096 ---
(rendered asset) sha256=f315f7d87157869abb01040f1ac5eea8ad9794742e781c952c8ee39b22a88e4f
--- end {{WORKSPACE}}/.mate/projects/shop/mate/.claude/skills/mate-commands/SKILL.md ---

--- created {{WORKSPACE}}/.mate/projects/shop/mate/.claude/skills/project-memory/SKILL.md mode=-rw-r--r-- bytes=7292 ---
(rendered asset) sha256=3cea3f39fb1a98d01f24ab2e112f8f71703559d35ddfb0b8c0dfe2346f9903d8
--- end {{WORKSPACE}}/.mate/projects/shop/mate/.claude/skills/project-memory/SKILL.md ---

--- created {{WORKSPACE}}/.mate/projects/shop/mate/.claude/skills/review-delivery/SKILL.md mode=-rw-r--r-- bytes=9654 ---
(rendered asset) sha256=fa3eca48ac7d560339f9472870c583453d30dad7a3e3668398f024170d4ec01c
--- end {{WORKSPACE}}/.mate/projects/shop/mate/.claude/skills/review-delivery/SKILL.md ---

--- created {{WORKSPACE}}/.mate/projects/shop/mate/.claude/skills/stow/SKILL.md mode=-rw-r--r-- bytes=15580 ---
(rendered asset) sha256=7986e900f33ba4027b3674f49a81ed4645daf5d4ba9eeefa51e5a82ece49e9a2
--- end {{WORKSPACE}}/.mate/projects/shop/mate/.claude/skills/stow/SKILL.md ---

--- created {{WORKSPACE}}/.mate/projects/shop/mate/.claude/skills/stuck-crew-recovery/SKILL.md mode=-rw-r--r-- bytes=7268 ---
(rendered asset) sha256=77d5dd4f67ee64fdff5649fc62d8546ef64f40f8d6b207d966d8b1fdcb70c6ff
--- end {{WORKSPACE}}/.mate/projects/shop/mate/.claude/skills/stuck-crew-recovery/SKILL.md ---

--- created {{WORKSPACE}}/.mate/projects/shop/mate/.claude/skills/task-intake/SKILL.md mode=-rw-r--r-- bytes=6070 ---
(rendered asset) sha256=8211225b0df083538d13be7dc6581e3c8c472fe3cc3bb115391b07d5be2e5f58
--- end {{WORKSPACE}}/.mate/projects/shop/mate/.claude/skills/task-intake/SKILL.md ---

--- created {{WORKSPACE}}/.mate/projects/shop/mate/.claude/skills/task-management/SKILL.md mode=-rw-r--r-- bytes=3451 ---
(rendered asset) sha256=3ee8fb4b9b27d5015f82c7ad7d256eccf1eb25217aa34ac7248128353386ea6e
--- end {{WORKSPACE}}/.mate/projects/shop/mate/.claude/skills/task-management/SKILL.md ---

--- created {{WORKSPACE}}/.mate/projects/shop/mate/.claude/skills/token-review/SKILL.md mode=-rw-r--r-- bytes=8413 ---
(rendered asset) sha256=d05c25bfe95ba94f52b1831403019de9fff10b50542eab7eb4ecb2600e03ffb9
--- end {{WORKSPACE}}/.mate/projects/shop/mate/.claude/skills/token-review/SKILL.md ---

--- created {{WORKSPACE}}/.mate/projects/shop/mate/.codex/hooks.json mode=-rw-r--r-- bytes=299 ---
{
  "hooks": {
    "SessionStart": [
      {
        "hooks": [
          {
            "additionalContextLimit": 32000,
            "command": "'{{BIN_DIR}}/mate' hook mate-session --harness codex",
            "timeout": 30,
            "type": "command"
          }
        ]
      }
    ]
  }
}
--- end {{WORKSPACE}}/.mate/projects/shop/mate/.codex/hooks.json ---

--- created {{WORKSPACE}}/.mate/projects/shop/mate/AGENTS.md mode=-rw-r--r-- bytes=23306 ---
(rendered asset) sha256=74c6dd24a0b4ea6f1031a583e472645bcb13e64e919167d115a75d5a5527653e
--- end {{WORKSPACE}}/.mate/projects/shop/mate/AGENTS.md ---

--- created {{WORKSPACE}}/.mate/projects/shop/mate/AGENTS.override.md mode=-rw-r--r-- bytes=23306 ---
(rendered asset) sha256=74c6dd24a0b4ea6f1031a583e472645bcb13e64e919167d115a75d5a5527653e
--- end {{WORKSPACE}}/.mate/projects/shop/mate/AGENTS.override.md ---

--- created {{WORKSPACE}}/.mate/projects/shop/mate/CLAUDE.md mode=-rw-r--r-- bytes=11 ---
@AGENTS.md
--- end {{WORKSPACE}}/.mate/projects/shop/mate/CLAUDE.md ---

--- created {{WORKSPACE}}/.mate/projects/shop/mate/backlog.md mode=-rw-r--r-- bytes=69 ---
# Backlog

## In flight

## Held for the captain

## Queued

## Done
--- end {{WORKSPACE}}/.mate/projects/shop/mate/backlog.md ---

--- created {{WORKSPACE}}/.mate/projects/shop/mate/mate.meta mode=-rw-r--r-- bytes=178 ---
agent=mate-shop
effort=max
harness=codex
launched_at=2026-09-17T10:00:00Z
pane=w1:p1
session={{HERDR_SESSION}}
session_id=
started_at=2026-09-17T10:00:00Z
tab=w1:t1
workspace=w1
--- end {{WORKSPACE}}/.mate/projects/shop/mate/mate.meta ---

--- created {{WORKSPACE}}/.mate/projects/shop/mate/memory.md mode=-rw-r--r-- bytes=75 ---
# Memory
<!-- memory tiers: see the stow skill -->

## Captain

## Lessons
--- end {{WORKSPACE}}/.mate/projects/shop/mate/memory.md ---
